// Jest Snapshot v1, https://goo.gl/fbAQLP

exports[`toMatchSnapshot() 1`] = `
[MockFunction add42] {
  "calls": Array [
    Array [
      5,
    ],
    Array [
      6,
    ],
  ],
  "results": Array [
    Object {
      "type": "return",
      "value": 47,
    },
    Object {
      "type": "return",
      "value": 48,
    },
  ],
}
`;
